Traceback (most recent call last):
  File "C:\Users\IBUCOMP\AppData\Local\Programs\Python\Python313\Lib\site-packages\jupyter_cache\executors\utils.py", line 58, in single_nb_execution
    executenb(
    ~~~~~~~~~^
        nb,
        ^^^
    ...<4 lines>...
        **kwargs,
        ^^^^^^^^^
    )
    ^
  File "C:\Users\IBUCOMP\AppData\Local\Programs\Python\Python313\Lib\site-packages\nbclient\client.py", line 1323, in execute
    return NotebookClient(nb=nb, resources=resources, km=km, **kwargs).execute()
           ~~~~~~~~~~~~~~~~~~~~~~~~~~~~~~~~~~~~~~~~~~~~~~~~~~~~~~~~~~~~~~~~~~~^^
  File "C:\Users\IBUCOMP\AppData\Local\Programs\Python\Python313\Lib\site-packages\jupyter_core\utils\__init__.py", line 165, in wrapped
    return loop.run_until_complete(inner)
           ~~~~~~~~~~~~~~~~~~~~~~~^^^^^^^
  File "C:\Users\IBUCOMP\AppData\Local\Programs\Python\Python313\Lib\asyncio\base_events.py", line 725, in run_until_complete
    return future.result()
           ~~~~~~~~~~~~~^^
  File "C:\Users\IBUCOMP\AppData\Local\Programs\Python\Python313\Lib\site-packages\nbclient\client.py", line 709, in async_execute
    await self.async_execute_cell(
        cell, index, execution_count=self.code_cells_executed + 1
    )
  File "C:\Users\IBUCOMP\AppData\Local\Programs\Python\Python313\Lib\site-packages\nbclient\client.py", line 1062, in async_execute_cell
    await self._check_raise_for_error(cell, cell_index, exec_reply)
  File "C:\Users\IBUCOMP\AppData\Local\Programs\Python\Python313\Lib\site-packages\nbclient\client.py", line 918, in _check_raise_for_error
    raise CellExecutionError.from_cell_and_msg(cell, exec_reply_content)
nbclient.exceptions.CellExecutionError: An error occurred while executing the following cell:
------------------
import os
import cv2
import zipfile
import numpy as np
import matplotlib.pyplot as plt

# 1. Mendeteksi Lingkungan Kerja (Google Colab vs PC Lokal)
try:
    import google.colab
    IN_COLAB = True
except ImportError:
    IN_COLAB = False

IMG_SIZE = 100

if IN_COLAB:
    print("Mendeteksi Lingkungan: GOOGLE COLAB")
    from google.colab import files
    
    # Jika folder faces belum ada di Colab, minta upload zip
    if not os.path.exists("faces"):
        print("Silakan UPLOAD file zip 'faces.zip' Anda!")
        uploaded = files.upload()
        zip_name = list(uploaded.keys())[0]
        
        # Ekstrak zip ke direktori Colab
        with zipfile.ZipFile(zip_name, 'r') as zip_ref:
            zip_ref.extractall("/content/")
        print("Dataset berhasil diekstrak di Google Colab!")
    dataset_path = "/content/faces"
    
else:
    print("Mendeteksi Lingkungan: LOKAL (VS Code / PC)")
    dataset_path = "faces"
    
    if not os.path.exists(dataset_path):
        raise FileNotFoundError(f"Folder '{dataset_path}' tidak ditemukan! Letakkan folder 'faces' di workspace Anda.")
------------------

----- stdout -----
Mendeteksi Lingkungan: LOKAL (VS Code / PC)
------------------

[31m---------------------------------------------------------------------------[39m
[31mFileNotFoundError[39m                         Traceback (most recent call last)
[36mCell[39m[36m [39m[32mIn[1][39m[32m, line 37[39m
[32m     34[39m dataset_path = [33m"[39m[33mfaces[39m[33m"[39m
[32m     36[39m [38;5;28;01mif[39;00m [38;5;129;01mnot[39;00m os.path.exists(dataset_path):
[32m---> [39m[32m37[39m     [38;5;28;01mraise[39;00m [38;5;167;01mFileNotFoundError[39;00m([33mf[39m[33m"[39m[33mFolder [39m[33m'[39m[38;5;132;01m{[39;00mdataset_path[38;5;132;01m}[39;00m[33m'[39m[33m tidak ditemukan! Letakkan folder [39m[33m'[39m[33mfaces[39m[33m'[39m[33m di workspace Anda.[39m[33m"[39m)

[31mFileNotFoundError[39m: Folder 'faces' tidak ditemukan! Letakkan folder 'faces' di workspace Anda.

